
 RUN  v4.1.8 /home/luno/Code/provisioning

 ❯ apps/frontend/src/__tests__/Wizard.test.tsx (2 tests | 2 failed) 6ms
     × navigates through all 5 steps of the wizard 4ms
     × skips database step when deploying a database-less application 1ms

 Test Files  1 failed (1)
      Tests  2 failed (2)
   Start at  22:37:38
   Duration  460ms (transform 89ms, setup 0ms, import 323ms, tests 6ms, environment 0ms)

